\BOOKMARK [1][-]{section.1}{\376\377\000W\000s\000t\001\031\000p}{}% 1
\BOOKMARK [1][-]{section.2}{\376\377\000C\000e\000l\000e\000\040\000p\000r\000o\000j\000e\000k\000t\000u}{}% 2
\BOOKMARK [1][-]{section.3}{\376\377\000P\000l\000a\000n\000\040\000e\000k\000s\000p\000e\000r\000y\000m\000e\000n\000t\000u}{}% 3
\BOOKMARK [1][-]{section.4}{\376\377\000I\000m\000p\000l\000e\000m\000e\000n\000t\000a\000c\000j\000a}{}% 4
\BOOKMARK [2][-]{subsection.4.1}{\376\377\000S\000t\000r\000u\000k\000t\000u\000r\000a\000\040\000p\000r\000o\000j\000e\000k\000t\000u}{section.4}% 5
\BOOKMARK [2][-]{subsection.4.2}{\376\377\000P\000l\000i\000k\000\040\000m\000a\000i\000n\000.\000c\000p\000p}{section.4}% 6
\BOOKMARK [2][-]{subsection.4.3}{\376\377\000P\000l\000i\000k\000\040\000T\000a\000s\000k\000.\000h\000p\000p}{section.4}% 7
\BOOKMARK [2][-]{subsection.4.4}{\376\377\000P\000l\000i\000k\000\040\000S\000a\000f\000e\000P\000r\000i\000o\000r\000i\000t\000y\000Q\000u\000e\000u\000e\000.\000h\000p\000p}{section.4}% 8
\BOOKMARK [2][-]{subsection.4.5}{\376\377\000P\000l\000i\000k\000\040\000S\000h\000a\000r\000e\000d\000R\000e\000s\000o\000u\000r\000c\000e\000s\000.\000h\000p\000p}{section.4}% 9
\BOOKMARK [2][-]{subsection.4.6}{\376\377\000P\000l\000i\000k\000\040\000S\000e\000r\000v\000i\000c\000e\000.\000h\000p\000p}{section.4}% 10
\BOOKMARK [2][-]{subsection.4.7}{\376\377\000P\000l\000i\000k\000\040\000S\000e\000r\000v\000i\000c\000e\000.\000c\000p\000p}{section.4}% 11
\BOOKMARK [2][-]{subsection.4.8}{\376\377\000U\000w\000a\000g\000i\000\040\000k\000o\001\104\000c\000o\000w\000e}{section.4}% 12
\BOOKMARK [1][-]{section.5}{\376\377\000B\000a\000d\000a\000n\000i\000a}{}% 13
\BOOKMARK [2][-]{subsection.5.1}{\376\377\000S\000c\000e\000n\000a\000r\000i\000u\000s\000z\000\040\0001\000:\000\040\000t\000e\000s\000t\000\040\000s\000p\000\363\000j\000n\000o\001\133\000c\000i}{section.5}% 14
\BOOKMARK [2][-]{subsection.5.2}{\376\377\000S\000c\000e\000n\000a\000r\000i\000u\000s\000z\000\040\0002\000:\000\040\000t\000e\000s\000t\000\040\000o\000b\000s\001\102\000u\000g\000i\000\040\000p\000r\000i\000o\000r\000y\000t\000e\000t\000\363\000w}{section.5}% 15
\BOOKMARK [2][-]{subsection.5.3}{\376\377\000S\000c\000e\000n\000a\000r\000i\000u\000s\000z\000\040\0003\000:\000\040\000t\000e\000s\000t\000\040\000p\000r\000o\000c\000e\000d\000u\000r\000y\000\040\000z\000a\000m\000y\000k\000a\000n\000i\000a}{section.5}% 16
\BOOKMARK [1][-]{section.6}{\376\377\000W\000n\000i\000o\000s\000k\000i}{}% 17
\BOOKMARK [1][-]{section.7}{\376\377\000P\000o\000d\000s\000u\000m\000o\000w\000a\000n\000i\000e}{}% 18
\BOOKMARK [1][-]{section.8}{\376\377\000L\000i\000t\000e\000r\000a\000t\000u\000r\000a}{}% 19
\BOOKMARK [1][-]{section.9}{\376\377\000K\000o\000d}{}% 20
\BOOKMARK [2][-]{subsection.9.1}{\376\377\000m\000a\000i\000n\000.\000c\000p\000p}{section.9}% 21
\BOOKMARK [2][-]{subsection.9.2}{\376\377\000T\000a\000s\000k\000.\000h\000p\000p}{section.9}% 22
\BOOKMARK [2][-]{subsection.9.3}{\376\377\000S\000a\000f\000e\000P\000r\000i\000o\000r\000i\000t\000y\000Q\000u\000e\000u\000e\000.\000h\000p\000p}{section.9}% 23
\BOOKMARK [2][-]{subsection.9.4}{\376\377\000S\000h\000a\000r\000e\000d\000R\000e\000s\000o\000u\000r\000c\000e\000s\000.\000h\000p\000p}{section.9}% 24
\BOOKMARK [2][-]{subsection.9.5}{\376\377\000S\000e\000r\000v\000i\000c\000e\000.\000h\000p\000p}{section.9}% 25
\BOOKMARK [2][-]{subsection.9.6}{\376\377\000S\000e\000r\000v\000i\000c\000e\000.\000c\000p\000p}{section.9}% 26
