\BOOKMARK [1][-]{section.1}{\376\377\000C\000z\001\031\001\133\001\007\000\040\000I\000:\000\040\000D\000w\000u\000k\000i\000e\000r\000u\000n\000k\000o\000w\000y\000\040\000d\000w\000u\000w\001\005\000t\000k\000o\000w\000y\000\040\000a\000l\000g\000o\000r\000y\000t\000m\000\040\000D\000i\000j\000k\000s\000t\000r\000y}{}% 1
\BOOKMARK [2][-]{subsection.1.1}{\376\377\000W\000s\000t\001\031\000p}{section.1}% 2
\BOOKMARK [2][-]{subsection.1.2}{\376\377\000C\000e\000l\000e\000\040\000p\000r\000o\000j\000e\000k\000t\000u}{section.1}% 3
\BOOKMARK [2][-]{subsection.1.3}{\376\377\000P\000l\000a\000n\000\040\000e\000k\000s\000p\000e\000r\000y\000m\000e\000n\000t\000u}{section.1}% 4
\BOOKMARK [2][-]{subsection.1.4}{\376\377\000I\000m\000p\000l\000e\000m\000e\000n\000t\000a\000c\000j\000a}{section.1}% 5
\BOOKMARK [2][-]{subsection.1.5}{\376\377\000B\000a\000d\000a\000n\000i\000a}{section.1}% 6
\BOOKMARK [2][-]{subsection.1.6}{\376\377\000W\000n\000i\000o\000s\000k\000i}{section.1}% 7
\BOOKMARK [2][-]{subsection.1.7}{\376\377\000P\000o\000d\000s\000u\000m\000o\000w\000a\000n\000i\000e}{section.1}% 8
\BOOKMARK [2][-]{subsection.1.8}{\376\377\000L\000i\000t\000e\000r\000a\000t\000u\000r\000a}{section.1}% 9
\BOOKMARK [2][-]{subsection.1.9}{\376\377\000K\000o\000d}{section.1}% 10
\BOOKMARK [1][-]{section.2}{\376\377\000C\000z\001\031\001\133\001\007\000\040\000I\000I\000:\000\040\000U\000c\000z\000t\000u\000j\001\005\000c\000y\000\040\000f\000i\000l\000o\000z\000o\000f\000o\000w\000i\000e\000\040\000w\000s\000p\000\363\001\102\000b\000i\000e\001\174\000n\000o\001\133\001\007}{}% 11
\BOOKMARK [2][-]{subsection.2.1}{\376\377\000W\000s\000t\001\031\000p}{section.2}% 12
\BOOKMARK [2][-]{subsection.2.2}{\376\377\000C\000e\000l\000e\000\040\000p\000r\000o\000j\000e\000k\000t\000u}{section.2}% 13
\BOOKMARK [2][-]{subsection.2.3}{\376\377\000P\000l\000a\000n\000\040\000e\000k\000s\000p\000e\000r\000y\000m\000e\000n\000t\000u}{section.2}% 14
\BOOKMARK [2][-]{subsection.2.4}{\376\377\000I\000m\000p\000l\000e\000m\000e\000n\000t\000a\000c\000j\000a}{section.2}% 15
\BOOKMARK [2][-]{subsection.2.5}{\376\377\000B\000a\000d\000a\000n\000i\000a}{section.2}% 16
\BOOKMARK [2][-]{subsection.2.6}{\376\377\000W\000n\000i\000o\000s\000k\000i}{section.2}% 17
\BOOKMARK [2][-]{subsection.2.7}{\376\377\000P\000o\000d\000s\000u\000m\000o\000w\000a\000n\000i\000e}{section.2}% 18
\BOOKMARK [2][-]{subsection.2.8}{\376\377\000L\000i\000t\000e\000r\000a\000t\000u\000r\000a}{section.2}% 19
\BOOKMARK [2][-]{subsection.2.9}{\376\377\000K\000o\000d}{section.2}% 20
